[2025-07-23 09:55:14] --- Start test: notice ---
[2025-07-23 09:55:14] Clicked image: C:\Users\KIM\blue_archive_main_test\images\notice_button.png
[2025-07-23 09:55:21] Clicked image: C:\Users\KIM\blue_archive_main_test\images\notice1.png
[2025-07-23 09:55:33] notice: PASS (target found after scrolling)
[2025-07-23 09:55:35] Clicked image: C:\Users\KIM\blue_archive_main_test\images\notice_close.png
[2025-07-23 09:55:38] --- Start test: momo ---
[2025-07-23 09:55:38] Clicked image: C:\Users\KIM\blue_archive_main_test\images\momo_button.png
[2025-07-23 09:55:41] Template not found: C:\Users\KIM\blue_archive_main_test\images\momo_target.png
[2025-07-23 09:55:41] momo: FAIL (target not found)
[2025-07-23 09:55:41] momo: attempting recovery due to unexpected screen
[2025-07-23 09:55:41] Recovery success: main screen detected
[2025-07-23 09:55:44] Clicked image: C:\Users\KIM\blue_archive_main_test\images\momo_close.png
[2025-07-23 09:55:47] --- Start test: mission ---
[2025-07-23 09:55:47] Clicked image: C:\Users\KIM\blue_archive_main_test\images\mission_button.png
[2025-07-23 09:55:50] mission: PASS
[2025-07-23 09:55:52] Clicked image: C:\Users\KIM\blue_archive_main_test\images\mission_close.png
[2025-07-23 09:55:55] --- Start test: bluepy ---
[2025-07-23 09:55:55] Clicked image: C:\Users\KIM\blue_archive_main_test\images\bluepy_button.png
[2025-07-23 09:55:59] bluepy: PASS
[2025-07-23 09:56:01] Clicked image: C:\Users\KIM\blue_archive_main_test\images\bluepy_close.png
[2025-07-23 09:56:04] --- Start test: cafe ---
[2025-07-23 09:56:04] Clicked image: C:\Users\KIM\blue_archive_main_test\images\cafe_button.png
[2025-07-23 09:56:09] cafe: PASS
[2025-07-23 09:56:11] Clicked image: C:\Users\KIM\blue_archive_main_test\images\cafe_close.png
[2025-07-23 09:56:16] --- Start test: lesson ---
[2025-07-23 09:56:17] Clicked image: C:\Users\KIM\blue_archive_main_test\images\lesson_button.png
[2025-07-23 09:56:20] lesson: PASS
[2025-07-23 09:56:22] Clicked image: C:\Users\KIM\blue_archive_main_test\images\lesson_close.png
[2025-07-23 09:56:25] --- Start test: students ---
[2025-07-23 09:56:25] Clicked image: C:\Users\KIM\blue_archive_main_test\images\students_button.png
[2025-07-23 09:56:29] Clicked image: C:\Users\KIM\blue_archive_main_test\images\students_special_button.png
[2025-07-23 09:56:31] students: PASS (3 target checks passed)
[2025-07-23 09:56:33] Clicked image: C:\Users\KIM\blue_archive_main_test\images\students_close.png
[2025-07-23 09:56:36] --- Start test: formation ---
[2025-07-23 09:56:36] Clicked image: C:\Users\KIM\blue_archive_main_test\images\formation_button.png
[2025-07-23 09:56:39] formation: PASS
[2025-07-23 09:56:42] Clicked image: C:\Users\KIM\blue_archive_main_test\images\formation_close.png
[2025-07-23 09:56:45] --- Start test: social ---
[2025-07-23 09:56:45] Clicked image: C:\Users\KIM\blue_archive_main_test\images\social_button.png
[2025-07-23 09:56:48] social: PASS
[2025-07-23 09:56:50] Clicked image: C:\Users\KIM\blue_archive_main_test\images\social_close.png
[2025-07-23 09:56:53] --- Start test: crafting ---
[2025-07-23 09:56:54] Clicked image: C:\Users\KIM\blue_archive_main_test\images\crafting_button.png
[2025-07-23 09:56:57] crafting: PASS
[2025-07-23 09:56:59] Clicked image: C:\Users\KIM\blue_archive_main_test\images\crafting_close.png
[2025-07-23 09:57:02] --- Start test: shop ---
[2025-07-23 09:57:02] Clicked image: C:\Users\KIM\blue_archive_main_test\images\shop_button.png
[2025-07-23 09:57:05] shop: FAIL (target not found)
[2025-07-23 09:57:05] shop: attempting recovery due to unexpected screen
[2025-07-23 09:57:05] Recovery success: main screen detected
[2025-07-23 09:57:07] Image not found (low confidence): C:\Users\KIM\blue_archive_main_test\images\shop_close.png | confidence: 0.5796588659286499
[2025-07-23 09:57:07] shop: close image not found, initiating recovery...
[2025-07-23 09:57:07] Recovery success: main screen detected
[2025-07-23 09:57:10] --- Start test: recruit ---
[2025-07-23 09:57:11] Clicked image: C:\Users\KIM\blue_archive_main_test\images\recruit_button.png
[2025-07-23 09:57:14] recruit: FAIL (target not found)
[2025-07-23 09:57:14] recruit: attempting recovery due to unexpected screen
[2025-07-23 09:57:14] Recovery success: main screen detected
[2025-07-23 09:57:16] Image not found (low confidence): C:\Users\KIM\blue_archive_main_test\images\recruit_close.png | confidence: 0.5719344615936279
[2025-07-23 09:57:16] recruit: close image not found, initiating recovery...
[2025-07-23 09:57:16] Recovery success: main screen detected
[2025-07-23 09:57:19] === All tests completed ===
